[htmldemo.zcubethemes.com/designit/index.html]
[backblue.gif]
[fade.gif]
[index.html]
[htmldemo.zcubethemes.com/designit/img/favicon.ico]
[htmldemo.zcubethemes.com/designit/index-2.html]
[htmldemo.zcubethemes.com/designit/img/logo/logo.png]
[htmldemo.zcubethemes.com/designit/index-3.html]
[htmldemo.zcubethemes.com/designit/about.html]
[htmldemo.zcubethemes.com/designit/service.html]
[htmldemo.zcubethemes.com/designit/single-service.html]
[htmldemo.zcubethemes.com/designit/projects.html]
[htmldemo.zcubethemes.com/designit/team.html]
[htmldemo.zcubethemes.com/designit/team-single.html]
[htmldemo.zcubethemes.com/designit/pricing.html]
[htmldemo.zcubethemes.com/designit/faq.html]
[htmldemo.zcubethemes.com/designit/blog.html]
[htmldemo.zcubethemes.com/designit/blog-details.html]
[htmldemo.zcubethemes.com/designit/contact.html]
[htmldemo.zcubethemes.com/designit/img/slider/slider_bg.png]
[htmldemo.zcubethemes.com/designit/img/slider/slider_img_bg02.png]
[htmldemo.zcubethemes.com/designit/img/slider/slider_img_bg03.png]
[htmldemo.zcubethemes.com/designit/img/features/about_img_02.png]
[htmldemo.zcubethemes.com/designit/img/bg/circle_right.png]
[htmldemo.zcubethemes.com/designit/img/features/user-about.png]
[htmldemo.zcubethemes.com/designit/img/bg/service-bg.png]
[htmldemo.zcubethemes.com/designit/img/icon/se-icon1.png]
[htmldemo.zcubethemes.com/designit/img/icon/se-icon2.png]
[htmldemo.zcubethemes.com/designit/img/icon/se-icon3.png]
[htmldemo.zcubethemes.com/designit/img/icon/se-icon4.png]
[htmldemo.zcubethemes.com/designit/img/icon/se-icon5.png]
[htmldemo.zcubethemes.com/designit/img/icon/se-icon6.png]
[htmldemo.zcubethemes.com/designit/img/gallery/protfolio-img01.png]
[htmldemo.zcubethemes.com/designit/img/gallery/protfolio-img02.png]
[htmldemo.zcubethemes.com/designit/img/gallery/protfolio-img03.png]
[htmldemo.zcubethemes.com/designit/img/team/team01.jpg]
[htmldemo.zcubethemes.com/designit/img/team/team02.jpg]
[htmldemo.zcubethemes.com/designit/img/team/team03.jpg]
[htmldemo.zcubethemes.com/designit/img/team/team04.jpg]
[htmldemo.zcubethemes.com/designit/img/bg/steps-bg.png]
[htmldemo.zcubethemes.com/designit/img/bg/steps-img.png]
[htmldemo.zcubethemes.com/designit/img/bg/testimonial-bg.png]
[htmldemo.zcubethemes.com/designit/img/testimonial/testi_avatar.png]
[htmldemo.zcubethemes.com/designit/img/testimonial/testi_avatar_02.png]
[htmldemo.zcubethemes.com/designit/img/testimonial/testi_avatar_03.png]
[htmldemo.zcubethemes.com/designit/img/bg/vedio-img.png]
[htmldemo.zcubethemes.com/designit/img/bg/play-button.png]
[htmldemo.zcubethemes.com/designit/img/blog/inner_b1.jpg]
[htmldemo.zcubethemes.com/designit/img/blog/inner_b2.jpg]
[htmldemo.zcubethemes.com/designit/img/blog/inner_b3.jpg]
[htmldemo.zcubethemes.com/designit/img/bg/footer_bg.png]
[htmldemo.zcubethemes.com/designit/services.39.delayed]
[htmldemo.zcubethemes.com/designit/img/icon/ft-icon01.png]
[htmldemo.zcubethemes.com/designit/img/icon/ft-icon02.png]
[htmldemo.zcubethemes.com/designit/img/icon/ft-icon03.png]
[htmldemo.zcubethemes.com/designit/js/vendor/modernizr-3.5.0.min.js]
[htmldemo.zcubethemes.com/designit/js/vendor/jquery.min.js]
[htmldemo.zcubethemes.com/designit/js/popper.min.js]
[htmldemo.zcubethemes.com/designit/js/bootstrap.min.js]
[htmldemo.zcubethemes.com/designit/js/slick.min.js]
[htmldemo.zcubethemes.com/designit/js/ajax-form.js]
[htmldemo.zcubethemes.com/designit/js/paroller.js]
[htmldemo.zcubethemes.com/designit/js/wow.min.js]
[htmldemo.zcubethemes.com/designit/js/js_isotope.pkgd.min.js]
[htmldemo.zcubethemes.com/designit/js/imagesloaded.min.js]
[htmldemo.zcubethemes.com/designit/js/parallax.min.js]
[htmldemo.zcubethemes.com/designit/js/jquery.waypoints.min.js]
[htmldemo.zcubethemes.com/designit/js/jquery.counterup.min.js]
[htmldemo.zcubethemes.com/designit/js/jquery.scrollUp.min.js]
[htmldemo.zcubethemes.com/designit/js/jquery.meanmenu.min.js]
[htmldemo.zcubethemes.com/designit/js/parallax-scroll.js]
[htmldemo.zcubethemes.com/designit/js/jquery.magnific-popup.min.js]
[htmldemo.zcubethemes.com/designit/js/element-in-view.js]
[htmldemo.zcubethemes.com/designit/js/main.js]
[htmldemo.zcubethemes.com/designit/index.html]
[htmldemo.zcubethemes.com/designit/css/bootstrap.min.css]
[htmldemo.zcubethemes.com/designit/css/animate.min.css]
[htmldemo.zcubethemes.com/designit/css/magnific-popup.css]
[htmldemo.zcubethemes.com/designit/fontawesome/webfonts/fa-brands-400.eot]
[htmldemo.zcubethemes.com/designit/fontawesome/webfonts/fa-brands-400d41d.eot]
[htmldemo.zcubethemes.com/designit/fontawesome/webfonts/fa-brands-400.woff2]
[htmldemo.zcubethemes.com/designit/fontawesome/webfonts/fa-brands-400.woff]
[htmldemo.zcubethemes.com/designit/fontawesome/webfonts/fa-brands-400.ttf]
[htmldemo.zcubethemes.com/designit/fontawesome/webfonts/fa-duotone-900.eot]
[htmldemo.zcubethemes.com/designit/fontawesome/webfonts/fa-duotone-900d41d.eot]
[htmldemo.zcubethemes.com/designit/fontawesome/webfonts/fa-duotone-900.woff2]
[htmldemo.zcubethemes.com/designit/fontawesome/webfonts/fa-duotone-900.woff]
[htmldemo.zcubethemes.com/designit/fontawesome/webfonts/fa-duotone-900.ttf]
[htmldemo.zcubethemes.com/designit/fontawesome/webfonts/fa-light-300.eot]
[htmldemo.zcubethemes.com/designit/fontawesome/webfonts/fa-light-300d41d.eot]
[htmldemo.zcubethemes.com/designit/fontawesome/webfonts/fa-light-300.woff2]
[htmldemo.zcubethemes.com/designit/fontawesome/webfonts/fa-light-300.woff]
[htmldemo.zcubethemes.com/designit/fontawesome/webfonts/fa-light-300.ttf]
[htmldemo.zcubethemes.com/designit/fontawesome/webfonts/fa-regular-400.eot]
[htmldemo.zcubethemes.com/designit/fontawesome/webfonts/fa-regular-400d41d.eot]
[htmldemo.zcubethemes.com/designit/fontawesome/webfonts/fa-regular-400.woff2]
[htmldemo.zcubethemes.com/designit/fontawesome/webfonts/fa-regular-400.woff]
[htmldemo.zcubethemes.com/designit/fontawesome/webfonts/fa-regular-400.ttf]
[htmldemo.zcubethemes.com/designit/fontawesome/webfonts/fa-solid-900.eot]
[htmldemo.zcubethemes.com/designit/fontawesome/webfonts/fa-solid-900d41d.eot]
[htmldemo.zcubethemes.com/designit/fontawesome/webfonts/fa-solid-900.woff2]
[htmldemo.zcubethemes.com/designit/fontawesome/webfonts/fa-solid-900.woff]
[htmldemo.zcubethemes.com/designit/fontawesome/webfonts/fa-solid-900.ttf]
[htmldemo.zcubethemes.com/designit/fontawesome/css/all.min.css]
[htmldemo.zcubethemes.com/designit/fonts/dripicons-v2.eot]
[htmldemo.zcubethemes.com/designit/fonts/dripicons-v2d41d.eot]
[htmldemo.zcubethemes.com/designit/fonts/dripicons-v2.woff]
[htmldemo.zcubethemes.com/designit/fonts/dripicons-v2.ttf]
[htmldemo.zcubethemes.com/designit/css/dripicons.css]
[htmldemo.zcubethemes.com/designit/css/slick.css]
[htmldemo.zcubethemes.com/designit/css/meanmenu.css]
[htmldemo.zcubethemes.com/designit/css/default.css]
[htmldemo.zcubethemes.com/designit/img/bg/left-line.73.delayed]
[htmldemo.zcubethemes.com/designit/img/bg/right-line.74.delayed]
[htmldemo.zcubethemes.com/designit/img/bg/active-dote.75.delayed]
[htmldemo.zcubethemes.com/designit/img/bg/dote.76.delayed]
[htmldemo.zcubethemes.com/designit/images/quote_bg.77.delayed]
[htmldemo.zcubethemes.com/designit/css/style.css]
[htmldemo.zcubethemes.com/designit/css/responsive.css]
[htmldemo.zcubethemes.com/designit/index-2.html]
[htmldemo.zcubethemes.com/designit/img/bg/toggle-menu.png]
[htmldemo.zcubethemes.com/designit/index-3.html]
[htmldemo.zcubethemes.com/designit/img/bg/bdrc-bg.jpg]
[htmldemo.zcubethemes.com/designit/about.html]
[htmldemo.zcubethemes.com/designit/service.html]
[htmldemo.zcubethemes.com/designit/img/gallery/protfolio-img08.png]
[htmldemo.zcubethemes.com/designit/img/gallery/protfolio-img06.png]
[htmldemo.zcubethemes.com/designit/img/gallery/protfolio-img07.png]
[htmldemo.zcubethemes.com/designit/single-service.html]
[htmldemo.zcubethemes.com/designit/img/gallery/protfolio-img05.png]
[htmldemo.zcubethemes.com/designit/img/gallery/protfolio-img09.png]
[htmldemo.zcubethemes.com/designit/projects.html]
[htmldemo.zcubethemes.com/designit/img/team/team05.jpg]
[htmldemo.zcubethemes.com/designit/img/team/team06.jpg]
[htmldemo.zcubethemes.com/designit/img/team/team07.jpg]
[htmldemo.zcubethemes.com/designit/img/team/team08.jpg]
[htmldemo.zcubethemes.com/designit/team.html]
[htmldemo.zcubethemes.com/designit/team-single.html]
[htmldemo.zcubethemes.com/designit/pricing.html]
[htmldemo.zcubethemes.com/designit/img/bg/video-img3.jpg]
[htmldemo.zcubethemes.com/designit/faq.html]
[htmldemo.zcubethemes.com/designit/blog.html]
[htmldemo.zcubethemes.com/designit/img/blog/b_details01.jpg]
[htmldemo.zcubethemes.com/designit/img/blog/b_details02.jpg]
[htmldemo.zcubethemes.com/designit/img/icon/c_d01.png]
[htmldemo.zcubethemes.com/designit/img/blog/b_details03.jpg]
[htmldemo.zcubethemes.com/designit/img/blog/b_details04.jpg]
[htmldemo.zcubethemes.com/designit/img/blog/comment/avatar.png]
[htmldemo.zcubethemes.com/designit/img/blog/comment/c_01.png]
[htmldemo.zcubethemes.com/designit/img/blog/comment/c_02.png]
[htmldemo.zcubethemes.com/designit/img/blog/comment/c_03.png]
[htmldemo.zcubethemes.com/designit/blog-details.html]
[htmldemo.zcubethemes.com/designit/contact.html]
[htmldemo.zcubethemes.com/designit/services.html]
[htmldemo.zcubethemes.com/designit/fontawesome/webfonts/fa-brands-400.svg]
[htmldemo.zcubethemes.com/designit/fontawesome/webfonts/fa-duotone-900.svg]
[htmldemo.zcubethemes.com/designit/fontawesome/webfonts/fa-light-300.svg]
[htmldemo.zcubethemes.com/designit/fontawesome/webfonts/fa-regular-400.svg]
[htmldemo.zcubethemes.com/designit/fontawesome/webfonts/fa-solid-900.svg]
[htmldemo.zcubethemes.com/designit/fonts/dripicons-v2.svg]
[htmldemo.zcubethemes.com/designit/img/bg/left-line.html]
[htmldemo.zcubethemes.com/designit/img/bg/right-line.html]
[htmldemo.zcubethemes.com/designit/img/bg/active-dote.html]
[htmldemo.zcubethemes.com/designit/img/bg/dote.html]
[htmldemo.zcubethemes.com/designit/images/quote_bg.html]
